Archive member included to satisfy reference by file (symbol)

/Applications/STM32CubeIDE.app/Contents/Eclipse/plugins/com.st.stm32cube.ide.mcu.externaltools.gnu-tools-for-stm32.10.3-2021.10.macos64_1.0.0.202111181127/tools/bin/../lib/gcc/arm-none-eabi/10.3.1/../../../../arm-none-eabi/lib/thumb/v7e-m+fp/hard/libc_nano.a(lib_a-ctype_.o)
                              ./Core/Src/main.o (_ctype_)
/Applications/STM32CubeIDE.app/Contents/Eclipse/plugins/com.st.stm32cube.ide.mcu.externaltools.gnu-tools-for-stm32.10.3-2021.10.macos64_1.0.0.202111181127/tools/bin/../lib/gcc/arm-none-eabi/10.3.1/../../../../arm-none-eabi/lib/thumb/v7e-m+fp/hard/libc_nano.a(lib_a-errno.o)
                              ./Core/Src/syscalls.o (__errno)
/Applications/STM32CubeIDE.app/Contents/Eclipse/plugins/com.st.stm32cube.ide.mcu.externaltools.gnu-tools-for-stm32.10.3-2021.10.macos64_1.0.0.202111181127/tools/bin/../lib/gcc/arm-none-eabi/10.3.1/../../../../arm-none-eabi/lib/thumb/v7e-m+fp/hard/libc_nano.a(lib_a-exit.o)
                              /Applications/STM32CubeIDE.app/Contents/Eclipse/plugins/com.st.stm32cube.ide.mcu.externaltools.gnu-tools-for-stm32.10.3-2021.10.macos64_1.0.0.202111181127/tools/bin/../lib/gcc/arm-none-eabi/10.3.1/../../../../arm-none-eabi/lib/thumb/v7e-m+fp/hard/crt0.o (exit)
/Applications/STM32CubeIDE.app/Contents/Eclipse/plugins/com.st.stm32cube.ide.mcu.externaltools.gnu-tools-for-stm32.10.3-2021.10.macos64_1.0.0.202111181127/tools/bin/../lib/gcc/arm-none-eabi/10.3.1/../../../../arm-none-eabi/lib/thumb/v7e-m+fp/hard/libc_nano.a(lib_a-impure.o)
                              /Applications/STM32CubeIDE.app/Contents/Eclipse/plugins/com.st.stm32cube.ide.mcu.externaltools.gnu-tools-for-stm32.10.3-2021.10.macos64_1.0.0.202111181127/tools/bin/../lib/gcc/arm-none-eabi/10.3.1/../../../../arm-none-eabi/lib/thumb/v7e-m+fp/hard/libc_nano.a(lib_a-exit.o) (_global_impure_ptr)
/Applications/STM32CubeIDE.app/Contents/Eclipse/plugins/com.st.stm32cube.ide.mcu.externaltools.gnu-tools-for-stm32.10.3-2021.10.macos64_1.0.0.202111181127/tools/bin/../lib/gcc/arm-none-eabi/10.3.1/../../../../arm-none-eabi/lib/thumb/v7e-m+fp/hard/libc_nano.a(lib_a-init.o)
                              /Applications/STM32CubeIDE.app/Contents/Eclipse/plugins/com.st.stm32cube.ide.mcu.externaltools.gnu-tools-for-stm32.10.3-2021.10.macos64_1.0.0.202111181127/tools/bin/../lib/gcc/arm-none-eabi/10.3.1/../../../../arm-none-eabi/lib/thumb/v7e-m+fp/hard/crt0.o (__libc_init_array)
/Applications/STM32CubeIDE.app/Contents/Eclipse/plugins/com.st.stm32cube.ide.mcu.externaltools.gnu-tools-for-stm32.10.3-2021.10.macos64_1.0.0.202111181127/tools/bin/../lib/gcc/arm-none-eabi/10.3.1/../../../../arm-none-eabi/lib/thumb/v7e-m+fp/hard/libc_nano.a(lib_a-memcpy-stub.o)
                              ./Core/Src/main.o (memcpy)
/Applications/STM32CubeIDE.app/Contents/Eclipse/plugins/com.st.stm32cube.ide.mcu.externaltools.gnu-tools-for-stm32.10.3-2021.10.macos64_1.0.0.202111181127/tools/bin/../lib/gcc/arm-none-eabi/10.3.1/../../../../arm-none-eabi/lib/thumb/v7e-m+fp/hard/libc_nano.a(lib_a-memset.o)
                              /Applications/STM32CubeIDE.app/Contents/Eclipse/plugins/com.st.stm32cube.ide.mcu.externaltools.gnu-tools-for-stm32.10.3-2021.10.macos64_1.0.0.202111181127/tools/bin/../lib/gcc/arm-none-eabi/10.3.1/../../../../arm-none-eabi/lib/thumb/v7e-m+fp/hard/crt0.o (memset)
/Applications/STM32CubeIDE.app/Contents/Eclipse/plugins/com.st.stm32cube.ide.mcu.externaltools.gnu-tools-for-stm32.10.3-2021.10.macos64_1.0.0.202111181127/tools/bin/../lib/gcc/arm-none-eabi/10.3.1/../../../../arm-none-eabi/lib/thumb/v7e-m+fp/hard/libc_nano.a(lib_a-strlen.o)
                              ./Core/Src/main.o (strlen)
/Applications/STM32CubeIDE.app/Contents/Eclipse/plugins/com.st.stm32cube.ide.mcu.externaltools.gnu-tools-for-stm32.10.3-2021.10.macos64_1.0.0.202111181127/tools/bin/../lib/gcc/arm-none-eabi/10.3.1/thumb/v7e-m+fp/hard/libgcc.a(_aeabi_uldivmod.o)
                              ./Drivers/STM32F4xx_HAL_Driver/Src/stm32f4xx_hal_rcc.o (__aeabi_uldivmod)
/Applications/STM32CubeIDE.app/Contents/Eclipse/plugins/com.st.stm32cube.ide.mcu.externaltools.gnu-tools-for-stm32.10.3-2021.10.macos64_1.0.0.202111181127/tools/bin/../lib/gcc/arm-none-eabi/10.3.1/thumb/v7e-m+fp/hard/libgcc.a(_udivmoddi4.o)
                              /Applications/STM32CubeIDE.app/Contents/Eclipse/plugins/com.st.stm32cube.ide.mcu.externaltools.gnu-tools-for-stm32.10.3-2021.10.macos64_1.0.0.202111181127/tools/bin/../lib/gcc/arm-none-eabi/10.3.1/thumb/v7e-m+fp/hard/libgcc.a(_aeabi_uldivmod.o) (__udivmoddi4)
/Applications/STM32CubeIDE.app/Contents/Eclipse/plugins/com.st.stm32cube.ide.mcu.externaltools.gnu-tools-for-stm32.10.3-2021.10.macos64_1.0.0.202111181127/tools/bin/../lib/gcc/arm-none-eabi/10.3.1/thumb/v7e-m+fp/hard/libgcc.a(_dvmd_tls.o)
[...]
Memory Configuration

Name             Origin             Length             Attributes
CCMRAM           0x0000000010000000 0x0000000000010000 xrw
RAM              0x0000000020000000 0x0000000000030000 xrw
FLASH            0x0000000008000000 0x0000000000200000 xr
*default*        0x0000000000000000 0xffffffffffffffff

Linker script and memory map

LOAD /Applications/STM32CubeIDE.app/Contents/Eclipse/plugins/com.st.stm32cube.ide.mcu.externaltools.gnu-tools-for-stm32.10.3-2021.10.macos64_1.0.0.202111181127/tools/bin/../lib/gcc/arm-none-eabi/10.3.1/thumb/v7e-m+fp/hard/crti.o
LOAD /Applications/STM32CubeIDE.app/Contents/Eclipse/plugins/com.st.stm32cube.ide.mcu.externaltools.gnu-tools-for-stm32.10.3-2021.10.macos64_1.0.0.202111181127/tools/bin/../lib/gcc/arm-none-eabi/10.3.1/thumb/v7e-m+fp/hard/crtbegin.o
LOAD /Applications/STM32CubeIDE.app/Contents/Eclipse/plugins/com.st.stm32cube.ide.mcu.externaltools.gnu-tools-for-stm32.10.3-2021.10.macos64_1.0.0.202111181127/tools/bin/../lib/gcc/arm-none-eabi/10.3.1/../../../../arm-none-eabi/lib/thumb/v7e-m+fp/hard/crt0.o
LOAD ./Core/Src/gpio.o
LOAD ./Core/Src/main.o
LOAD ./Core/Src/ring_buffer.o
LOAD ./Core/Src/stm32f4xx_hal_msp.o
LOAD ./Core/Src/stm32f4xx_it.o
LOAD ./Core/Src/syscalls.o
LOAD ./Core/Src/sysmem.o
LOAD ./Core/Src/system_stm32f4xx.o
LOAD ./Core/Src/tim.o
LOAD ./Core/Src/usart.o
LOAD ./Core/Startup/startup_stm32f427vitx.o
LOAD ./Drivers/STM32F4xx_HAL_Driver/Src/stm32f4xx_hal.o
LOAD ./Drivers/STM32F4xx_HAL_Driver/Src/stm32f4xx_hal_cortex.o
LOAD ./Drivers/STM32F4xx_HAL_Driver/Src/stm32f4xx_hal_dma.o
LOAD ./Drivers/STM32F4xx_HAL_Driver/Src/stm32f4xx_hal_dma_ex.o
LOAD ./Drivers/STM32F4xx_HAL_Driver/Src/stm32f4xx_hal_exti.o
LOAD ./Drivers/STM32F4xx_HAL_Driver/Src/stm32f4xx_hal_flash.o
LOAD ./Drivers/STM32F4xx_HAL_Driver/Src/stm32f4xx_hal_flash_ex.o
LOAD ./Drivers/STM32F4xx_HAL_Driver/Src/stm32f4xx_hal_flash_ramfunc.o
LOAD ./Drivers/STM32F4xx_HAL_Driver/Src/stm32f4xx_hal_gpio.o
LOAD ./Drivers/STM32F4xx_HAL_Driver/Src/stm32f4xx_hal_pwr.o
LOAD ./Drivers/STM32F4xx_HAL_Driver/Src/stm32f4xx_hal_pwr_ex.o
LOAD ./Drivers/STM32F4xx_HAL_Driver/Src/stm32f4xx_hal_rcc.o
LOAD ./Drivers/STM32F4xx_HAL_Driver/Src/stm32f4xx_hal_rcc_ex.o
LOAD ./Drivers/STM32F4xx_HAL_Driver/Src/stm32f4xx_hal_tim.o
LOAD ./Drivers/STM32F4xx_HAL_Driver/Src/stm32f4xx_hal_tim_ex.o
LOAD ./Drivers/STM32F4xx_HAL_Driver/Src/stm32f4xx_hal_uart.o
START GROUP
LOAD /Applications/STM32CubeIDE.app/Contents/Eclipse/plugins/com.st.stm32cube.ide.mcu.externaltools.gnu-tools-for-stm32.10.3-2021.10.macos64_1.0.0.202111181127/tools/bin/../lib/gcc/arm-none-eabi/10.3.1/../../../../arm-none-eabi/lib/thumb/v7e-m+fp/hard/libc_nano.a
LOAD /Applications/STM32CubeIDE.app/Contents/Eclipse/plugins/com.st.stm32cube.ide.mcu.externaltools.gnu-tools-for-stm32.10.3-2021.10.macos64_1.0.0.202111181127/tools/bin/../lib/gcc/arm-none-eabi/10.3.1/../../../../arm-none-eabi/lib/thumb/v7e-m+fp/hard/libm.a
END GROUP
START GROUP
LOAD /Applications/STM32CubeIDE.app/Contents/Eclipse/plugins/com.st.stm32cube.ide.mcu.externaltools.gnu-tools-for-stm32.10.3-2021.10.macos64_1.0.0.202111181127/tools/bin/../lib/gcc/arm-none-eabi/10.3.1/thumb/v7e-m+fp/hard/libgcc.a
LOAD /Applications/STM32CubeIDE.app/Contents/Eclipse/plugins/com.st.stm32cube.ide.mcu.externaltools.gnu-tools-for-stm32.10.3-2021.10.macos64_1.0.0.202111181127/tools/bin/../lib/gcc/arm-none-eabi/10.3.1/../../../../arm-none-eabi/lib/thumb/v7e-m+fp/hard/libc_nano.a
END GROUP
START GROUP
LOAD /Applications/STM32CubeIDE.app/Contents/Eclipse/plugins/com.st.stm32cube.ide.mcu.externaltools.gnu-tools-for-stm32.10.3-2021.10.macos64_1.0.0.202111181127/tools/bin/../lib/gcc/arm-none-eabi/10.3.1/thumb/v7e-m+fp/hard/libgcc.a
LOAD /Applications/STM32CubeIDE.app/Contents/Eclipse/plugins/com.st.stm32cube.ide.mcu.externaltools.gnu-tools-for-stm32.10.3-2021.10.macos64_1.0.0.202111181127/tools/bin/../lib/gcc/arm-none-eabi/10.3.1/../../../../arm-none-eabi/lib/thumb/v7e-m+fp/hard/libc_nano.a
LOAD /Applications/STM32CubeIDE.app/Contents/Eclipse/plugins/com.st.stm32cube.ide.mcu.externaltools.gnu-tools-for-stm32.10.3-2021.10.macos64_1.0.0.202111181127/tools/bin/../lib/gcc/arm-none-eabi/10.3.1/../../../../arm-none-eabi/lib/thumb/v7e-m+fp/hard/libnosys.a
END GROUP
START GROUP
LOAD /Applications/STM32CubeIDE.app/Contents/Eclipse/plugins/com.st.stm32cube.ide.mcu.externaltools.gnu-tools-for-stm32.10.3-2021.10.macos64_1.0.0.202111181127/tools/bin/../lib/gcc/arm-none-eabi/10.3.1/thumb/v7e-m+fp/hard/libgcc.a
LOAD /Applications/STM32CubeIDE.app/Contents/Eclipse/plugins/com.st.stm32cube.ide.mcu.externaltools.gnu-tools-for-stm32.10.3-2021.10.macos64_1.0.0.202111181127/tools/bin/../lib/gcc/arm-none-eabi/10.3.1/../../../../arm-none-eabi/lib/thumb/v7e-m+fp/hard/libc_nano.a
LOAD /Applications/STM32CubeIDE.app/Contents/Eclipse/plugins/com.st.stm32cube.ide.mcu.externaltools.gnu-tools-for-stm32.10.3-2021.10.macos64_1.0.0.202111181127/tools/bin/../lib/gcc/arm-none-eabi/10.3.1/../../../../arm-none-eabi/lib/thumb/v7e-m+fp/hard/libnosys.a
END GROUP
LOAD /Applications/STM32CubeIDE.app/Contents/Eclipse/plugins/com.st.stm32cube.ide.mcu.externaltools.gnu-tools-for-stm32.10.3-2021.10.macos64_1.0.0.202111181127/tools/bin/../lib/gcc/arm-none-eabi/10.3.1/thumb/v7e-m+fp/hard/crtend.o
LOAD /Applications/STM32CubeIDE.app/Contents/Eclipse/plugins/com.st.stm32cube.ide.mcu.externaltools.gnu-tools-for-stm32.10.3-2021.10.macos64_1.0.0.202111181127/tools/bin/../lib/gcc/arm-none-eabi/10.3.1/thumb/v7e-m+fp/hard/crtn.o
                0x0000000020030000                _estack = (ORIGIN (RAM) + LENGTH (RAM))
                0x0000000000000200                _Min_Heap_Size = 0x200
                0x0000000000000400                _Min_Stack_Size = 0x400

.isr_vector     0x0000000008000000      0x1ac
                0x0000000008000000                . = ALIGN (0x4)
 *(.isr_vector)
 .isr_vector    0x0000000008000000      0x1ac ./Core/Startup/startup_stm32f427vitx.o
                0x0000000008000000                g_pfnVectors
                0x00000000080001ac                . = ALIGN (0x4)

.text           0x00000000080001ac     0x437c
                0x00000000080001ac                . = ALIGN (0x4)
 *(.text)
 .text          0x00000000080001ac       0x40 /Applications/STM32CubeIDE.app/Contents/Eclipse/plugins/com.st.stm32cube.ide.mcu.externaltools.gnu-tools-for-stm32.10.3-2021.10.macos64_1.0.0.202111181127/tools/bin/../lib/gcc/arm-none-eabi/10.3.1/thumb/v7e-m+fp/hard/crtbegin.o
 .text          0x00000000080001ec       0x10 /Applications/STM32CubeIDE.app/Contents/Eclipse/plugins/com.st.stm32cube.ide.mcu.externaltools.gnu-tools-for-stm32.10.3-2021.10.macos64_1.0.0.202111181127/tools/bin/../lib/gcc/arm-none-eabi/10.3.1/../../../../arm-none-eabi/lib/thumb/v7e-m+fp/hard/libc_nano.a(lib_a-strlen.o)
                0x00000000080001ec                strlen
 .text          0x00000000080001fc       0x30 /Applications/STM32CubeIDE.app/Contents/Eclipse/plugins/com.st.stm32cube.ide.mcu.externaltools.gnu-tools-for-stm32.10.3-2021.10.macos64_1.0.0.202111181127/tools/bin/../lib/gcc/arm-none-eabi/10.3.1/thumb/v7e-m+fp/hard/libgcc.a(_aeabi_uldivmod.o)
                0x00000000080001fc                __aeabi_uldivmod
 .text          0x000000000800022c      0x2d0 /Applications/STM32CubeIDE.app/Contents/Eclipse/plugins/com.st.stm32cube.ide.mcu.externaltools.gnu-tools-for-stm32.10.3-2021.10.macos64_1.0.0.202111181127/tools/bin/../lib/gcc/arm-none-eabi/10.3.1/thumb/v7e-m+fp/hard/libgcc.a(_udivmoddi4.o)
                0x000000000800022c                __udivmoddi4
 .text          0x00000000080004fc        0x4 /Applications/STM32CubeIDE.app/Contents/Eclipse/plugins/com.st.stm32cube.ide.mcu.externaltools.gnu-tools-for-stm32.10.3-2021.10.macos64_1.0.0.202111181127/tools/bin/../lib/gcc/arm-none-eabi/10.3.1/thumb/v7e-m+fp/hard/libgcc.a(_dvmd_tls.o)
                0x00000000080004fc                __aeabi_ldiv0
                0x00000000080004fc                __aeabi_idiv0
 *(.text*)
 .text.MX_GPIO_Init
                0x0000000008000500       0x6c ./Core/Src/gpio.o
                0x0000000008000500                MX_GPIO_Init
 .text.UART6_TryToTransmit_IT
                0x000000000800056c       0x4c ./Core/Src/main.o
                0x000000000800056c                UART6_TryToTransmit_IT
 .text.UART6_TransmitByte
                0x00000000080005b8       0x3c ./Core/Src/main.o
                0x00000000080005b8                UART6_TransmitByte
 .text.UART6_ReceiveByte
                0x00000000080005f4       0x48 ./Core/Src/main.o
                0x00000000080005f4                UART6_ReceiveByte
 .text.UART6_TransmitString
                0x000000000800063c       0x3c ./Core/Src/main.o
                0x000000000800063c                UART6_TransmitString
 .text.HAL_UART_RxCpltCallback
                0x0000000008000678       0x2c ./Core/Src/main.o
                0x0000000008000678                HAL_UART_RxCpltCallback
 .text.HAL_UART_TxCpltCallback
                0x00000000080006a4       0x2c ./Core/Src/main.o
                0x00000000080006a4                HAL_UART_TxCpltCallback
 .text.SettingsMode
                0x00000000080006d0      0x218 ./Core/Src/main.o
                0x00000000080006d0                SettingsMode
 .text.ProcessInput
                0x00000000080008e8      0x110 ./Core/Src/main.o
                0x00000000080008e8                ProcessInput
 .text.start_song
                0x00000000080009f8       0x4c ./Core/Src/main.o
                0x00000000080009f8                start_song
 .text.main     0x0000000008000a44       0x80 ./Core/Src/main.o
                0x0000000008000a44                main
 .text.SystemClock_Config
                0x0000000008000ac4       0xe0 ./Core/Src/main.o
                0x0000000008000ac4                SystemClock_Config
 .text.Error_Handler
                0x0000000008000ba4        0xa ./Core/Src/main.o
                0x0000000008000ba4                Error_Handler
 .text.RingBuffer_Init
                0x0000000008000bae       0x2a ./Core/Src/ring_buffer.o
                0x0000000008000bae                RingBuffer_Init
 .text.RingBuffer_Clear
                0x0000000008000bd8       0x2a ./Core/Src/ring_buffer.o
                0x0000000008000bd8                RingBuffer_Clear
 .text.RingBuffer_Write
                0x0000000008000c02       0x7a ./Core/Src/ring_buffer.o
                0x0000000008000c02                RingBuffer_Write
 .text.RingBuffer_Read
                0x0000000008000c7c       0x8c ./Core/Src/ring_buffer.o
                0x0000000008000c7c                RingBuffer_Read
 .text.RingBuffer_IsEmpty
                0x0000000008000d08       0x3c ./Core/Src/ring_buffer.o
                0x0000000008000d08                RingBuffer_IsEmpty
 .text.HAL_MspInit
                0x0000000008000d44       0x50 ./Core/Src/stm32f4xx_hal_msp.o
                0x0000000008000d44                HAL_MspInit
 .text.NMI_Handler
                0x0000000008000d94        0x6 ./Core/Src/stm32f4xx_it.o
                0x0000000008000d94                NMI_Handler
 .text.HardFault_Handler
                0x0000000008000d9a        0x6 ./Core/Src/stm32f4xx_it.o
                0x0000000008000d9a                HardFault_Handler
 .text.MemManage_Handler
                0x0000000008000da0        0x6 ./Core/Src/stm32f4xx_it.o
                0x0000000008000da0                MemManage_Handler
 .text.BusFault_Handler
                0x0000000008000da6        0x6 ./Core/Src/stm32f4xx_it.o
                0x0000000008000da6                BusFault_Handler
 .text.UsageFault_Handler
                0x0000000008000dac        0x6 ./Core/Src/stm32f4xx_it.o
                0x0000000008000dac                UsageFault_Handler
 .text.SVC_Handler
                0x0000000008000db2        0xe ./Core/Src/stm32f4xx_it.o
                0x0000000008000db2                SVC_Handler
 .text.DebugMon_Handler
                0x0000000008000dc0        0xe ./Core/Src/stm32f4xx_it.o
                0x0000000008000dc0                DebugMon_Handler
 .text.PendSV_Handler
                0x0000000008000dce        0xe ./Core/Src/stm32f4xx_it.o
                0x0000000008000dce                PendSV_Handler
 .text.SysTick_Handler
                0x0000000008000ddc        0xc ./Core/Src/stm32f4xx_it.o
                0x0000000008000ddc                SysTick_Handler
 .text.TIM6_DAC_IRQHandler
                0x0000000008000de8       0x14 ./Core/Src/stm32f4xx_it.o
                0x0000000008000de8                TIM6_DAC_IRQHandler
 .text.USART6_IRQHandler
                0x0000000008000dfc       0x14 ./Core/Src/stm32f4xx_it.o
                0x0000000008000dfc                USART6_IRQHandler
 .text.SystemInit
                0x0000000008000e10       0x24 ./Core/Src/system_stm32f4xx.o
                0x0000000008000e10                SystemInit
 .text.MX_TIM1_Init
                0x0000000008000e34      0x140 ./Core/Src/tim.o
                0x0000000008000e34                MX_TIM1_Init
 .text.MX_TIM6_Init
                0x0000000008000f74       0x6c ./Core/Src/tim.o
                0x0000000008000f74                MX_TIM6_Init
 .text.HAL_TIM_Base_MspInit
                0x0000000008000fe0       0x7c ./Core/Src/tim.o
                0x0000000008000fe0                HAL_TIM_Base_MspInit
 .text.HAL_TIM_MspPostInit
                0x000000000800105c       0x74 ./Core/Src/tim.o
                0x000000000800105c                HAL_TIM_MspPostInit
 .text.HAL_TIM_PeriodElapsedCallback
                0x00000000080010d0      0x130 ./Core/Src/tim.o
                0x00000000080010d0                HAL_TIM_PeriodElapsedCallback
 .text.MX_USART6_UART_Init
                0x0000000008001200       0x54 ./Core/Src/usart.o
                0x0000000008001200                MX_USART6_UART_Init
 .text.HAL_UART_MspInit
                0x0000000008001254       0xa0 ./Core/Src/usart.o
                0x0000000008001254                HAL_UART_MspInit
 .text.Reset_Handler
                0x00000000080012f4       0x50 ./Core/Startup/startup_stm32f427vitx.o
                0x00000000080012f4                Reset_Handler
 .text.Default_Handler
                0x0000000008001344        0x2 ./Core/Startup/startup_stm32f427vitx.o
                0x0000000008001344                DMA1_Stream3_IRQHandler
                0x0000000008001344                HASH_RNG_IRQHandler
                0x0000000008001344                EXTI2_IRQHandler
                0x0000000008001344                TIM8_CC_IRQHandler
                0x0000000008001344                UART8_IRQHandler
                0x0000000008001344                SPI4_IRQHandler
                0x0000000008001344                TIM1_CC_IRQHandler
                0x0000000008001344                DMA2_Stream5_IRQHandler
                0x0000000008001344                DMA1_Stream5_IRQHandler
                0x0000000008001344                PVD_IRQHandler
                0x0000000008001344                SDIO_IRQHandler
                0x0000000008001344                TAMP_STAMP_IRQHandler
                0x0000000008001344                CAN2_RX1_IRQHandler
                0x0000000008001344                EXTI3_IRQHandler
                0x0000000008001344                TIM8_TRG_COM_TIM14_IRQHandler
                0x0000000008001344                TIM1_UP_TIM10_IRQHandler
                0x0000000008001344                TIM8_UP_TIM13_IRQHandler
                0x0000000008001344                I2C3_ER_IRQHandler
                0x0000000008001344                EXTI0_IRQHandler
                0x0000000008001344                I2C2_EV_IRQHandler
                0x0000000008001344                DMA1_Stream2_IRQHandler
                0x0000000008001344                CAN1_RX0_IRQHandler
                0x0000000008001344                FPU_IRQHandler
                0x0000000008001344                OTG_HS_WKUP_IRQHandler
                0x0000000008001344                CAN2_SCE_IRQHandler
                0x0000000008001344                DMA2_Stream2_IRQHandler
                0x0000000008001344                SPI1_IRQHandler
                0x0000000008001344                TIM1_BRK_TIM9_IRQHandler
                0x0000000008001344                DCMI_IRQHandler
                0x0000000008001344                CAN2_RX0_IRQHandler
                0x0000000008001344                DMA2_Stream3_IRQHandler
                0x0000000008001344                USART3_IRQHandler
                0x0000000008001344                CAN1_RX1_IRQHandler
                0x0000000008001344                UART5_IRQHandler
                0x0000000008001344                DMA2_Stream0_IRQHandler
                0x0000000008001344                TIM4_IRQHandler
                0x0000000008001344                I2C1_EV_IRQHandler
                0x0000000008001344                DMA1_Stream6_IRQHandler
                0x0000000008001344                DMA1_Stream1_IRQHandler
                0x0000000008001344                UART4_IRQHandler
                0x0000000008001344                TIM3_IRQHandler
                0x0000000008001344                RCC_IRQHandler
                0x0000000008001344                TIM8_BRK_TIM12_IRQHandler
                0x0000000008001344                Default_Handler
                0x0000000008001344                EXTI15_10_IRQHandler
                0x0000000008001344                ADC_IRQHandler
                0x0000000008001344                DMA1_Stream7_IRQHandler
                0x0000000008001344                SPI5_IRQHandler
                0x0000000008001344                TIM7_IRQHandler
                0x0000000008001344                CAN2_TX_IRQHandler
                0x0000000008001344                TIM5_IRQHandler
                0x0000000008001344                DMA2_Stream7_IRQHandler
                0x0000000008001344                I2C3_EV_IRQHandler
                0x0000000008001344                EXTI9_5_IRQHandler
                0x0000000008001344                RTC_WKUP_IRQHandler
                0x0000000008001344                ETH_WKUP_IRQHandler
                0x0000000008001344                SPI2_IRQHandler
                0x0000000008001344                OTG_HS_EP1_IN_IRQHandler
                0x0000000008001344                DMA1_Stream0_IRQHandler
                0x0000000008001344                CAN1_TX_IRQHandler
                0x0000000008001344                EXTI4_IRQHandler
                0x0000000008001344                ETH_IRQHandler
                0x0000000008001344                OTG_HS_EP1_OUT_IRQHandler
                0x0000000008001344                WWDG_IRQHandler
                0x0000000008001344                SPI6_IRQHandler
                0x0000000008001344                TIM2_IRQHandler
                0x0000000008001344                OTG_FS_WKUP_IRQHandler
                0x0000000008001344                TIM1_TRG_COM_TIM11_IRQHandler
                0x0000000008001344                OTG_HS_IRQHandler
                0x0000000008001344                DMA2D_IRQHandler
                0x0000000008001344                EXTI1_IRQHandler
                0x0000000008001344                UART7_IRQHandler
                0x0000000008001344                USART2_IRQHandler
                0x0000000008001344                I2C2_ER_IRQHandler
                0x0000000008001344                DMA2_Stream1_IRQHandler
                0x0000000008001344                CAN1_SCE_IRQHandler
                0x0000000008001344                FLASH_IRQHandler
                0x0000000008001344                DMA2_Stream4_IRQHandler
                0x0000000008001344                USART1_IRQHandler
                0x0000000008001344                OTG_FS_IRQHandler
                0x0000000008001344                SPI3_IRQHandler
                0x0000000008001344                DMA1_Stream4_IRQHandler
                0x0000000008001344                I2C1_ER_IRQHandler
                0x0000000008001344                FMC_IRQHandler
                0x0000000008001344                DMA2_Stream6_IRQHandler
                0x0000000008001344                SAI1_IRQHandler
                0x0000000008001344                RTC_Alarm_IRQHandler
 *fill*         0x0000000008001346        0x2 
 .text.HAL_Init
                0x0000000008001348       0x44 ./Drivers/STM32F4xx_HAL_Driver/Src/stm32f4xx_hal.o
                0x0000000008001348                HAL_Init
 .text.HAL_InitTick
                0x000000000800138c       0x60 ./Drivers/STM32F4xx_HAL_Driver/Src/stm32f4xx_hal.o
                0x000000000800138c                HAL_InitTick
 .text.HAL_IncTick
                0x00000000080013ec       0x28 ./Drivers/STM32F4xx_HAL_Driver/Src/stm32f4xx_hal.o
                0x00000000080013ec                HAL_IncTick
 .text.HAL_GetTick
                0x0000000008001414       0x18 ./Drivers/STM32F4xx_HAL_Driver/Src/stm32f4xx_hal.o
                0x0000000008001414                HAL_GetTick
 .text.__NVIC_SetPriorityGrouping
                0x000000000800142c       0x48 ./Drivers/STM32F4xx_HAL_Driver/Src/stm32f4xx_hal_cortex.o
 .text.__NVIC_GetPriorityGrouping
                0x0000000008001474       0x1c ./Drivers/STM32F4xx_HAL_Driver/Src/stm32f4xx_hal_cortex.o
 .text.__NVIC_EnableIRQ
                0x0000000008001490       0x3c ./Drivers/STM32F4xx_HAL_Driver/Src/stm32f4xx_hal_cortex.o
 .text.__NVIC_SetPriority
                0x00000000080014cc       0x54 ./Drivers/STM32F4xx_HAL_Driver/Src/stm32f4xx_hal_cortex.o
 .text.NVIC_EncodePriority
                0x0000000008001520       0x66 ./Drivers/STM32F4xx_HAL_Driver/Src/stm32f4xx_hal_cortex.o
 *fill*         0x0000000008001586        0x2 
 .text.SysTick_Config
                0x0000000008001588       0x44 ./Drivers/STM32F4xx_HAL_Driver/Src/stm32f4xx_hal_cortex.o
 .text.HAL_NVIC_SetPriorityGrouping
                0x00000000080015cc       0x16 ./Drivers/STM32F4xx_HAL_Driver/Src/stm32f4xx_hal_cortex.o
                0x00000000080015cc                HAL_NVIC_SetPriorityGrouping
 .text.HAL_NVIC_SetPriority
                0x00000000080015e2       0x38 ./Drivers/STM32F4xx_HAL_Driver/Src/stm32f4xx_hal_cortex.o
                0x00000000080015e2                HAL_NVIC_SetPriority
 .text.HAL_NVIC_EnableIRQ
                0x000000000800161a       0x1c ./Drivers/STM32F4xx_HAL_Driver/Src/stm32f4xx_hal_cortex.o
                0x000000000800161a                HAL_NVIC_EnableIRQ
 .text.HAL_SYSTICK_Config
                0x0000000008001636       0x18 ./Drivers/STM32F4xx_HAL_Driver/Src/stm32f4xx_hal_cortex.o
                0x0000000008001636                HAL_SYSTICK_Config
 .text.HAL_DMA_Abort
                0x000000000800164e       0xe0 ./Drivers/STM32F4xx_HAL_Driver/Src/stm32f4xx_hal_dma.o
                0x000000000800164e                HAL_DMA_Abort
 .text.HAL_DMA_Abort_IT
                0x000000000800172e       0x44 ./Drivers/STM32F4xx_HAL_Driver/Src/stm32f4xx_hal_dma.o
                0x000000000800172e                HAL_DMA_Abort_IT
 *fill*         0x0000000008001772        0x2 
 .text.HAL_GPIO_Init
                0x0000000008001774      0x358 ./Drivers/STM32F4xx_HAL_Driver/Src/stm32f4xx_hal_gpio.o
                0x0000000008001774                HAL_GPIO_Init
 .text.HAL_PWREx_EnableOverDrive
                0x0000000008001acc       0xa0 ./Drivers/STM32F4xx_HAL_Driver/Src/stm32f4xx_hal_pwr_ex.o
                0x0000000008001acc                HAL_PWREx_EnableOverDrive
 .text.HAL_RCC_OscConfig
                0x0000000008001b6c      0x4f0 ./Drivers/STM32F4xx_HAL_Driver/Src/stm32f4xx_hal_rcc.o
                0x0000000008001b6c                HAL_RCC_OscConfig
 .text.HAL_RCC_ClockConfig
                0x000000000800205c      0x1cc ./Drivers/STM32F4xx_HAL_Driver/Src/stm32f4xx_hal_rcc.o
                0x000000000800205c                HAL_RCC_ClockConfig
 .text.HAL_RCC_GetSysClockFreq
                0x0000000008002228      0x18c ./Drivers/STM32F4xx_HAL_Driver/Src/stm32f4xx_hal_rcc.o
                0x0000000008002228                HAL_RCC_GetSysClockFreq
 .text.HAL_RCC_GetHCLKFreq
                0x00000000080023b4       0x18 ./Drivers/STM32F4xx_HAL_Driver/Src/stm32f4xx_hal_rcc.o
                0x00000000080023b4                HAL_RCC_GetHCLKFreq
 .text.HAL_RCC_GetPCLK1Freq
                0x00000000080023cc       0x28 ./Drivers/STM32F4xx_HAL_Driver/Src/stm32f4xx_hal_rcc.o
                0x00000000080023cc                HAL_RCC_GetPCLK1Freq
 .text.HAL_RCC_GetPCLK2Freq
                0x00000000080023f4       0x28 ./Drivers/STM32F4xx_HAL_Driver/Src/stm32f4xx_hal_rcc.o
                0x00000000080023f4                HAL_RCC_GetPCLK2Freq
 .text.HAL_TIM_Base_Init
                0x000000000800241c       0x9e ./Drivers/STM32F4xx_HAL_Driver/Src/stm32f4xx_hal_tim.o
                0x000000000800241c                HAL_TIM_Base_Init
 *fill*         0x00000000080024ba        0x2 
 .text.HAL_TIM_Base_Start_IT
                0x00000000080024bc       0xe0 ./Drivers/STM32F4xx_HAL_Driver/Src/stm32f4xx_hal_tim.o
                0x00000000080024bc                HAL_TIM_Base_Start_IT
 .text.HAL_TIM_PWM_Init
                0x000000000800259c       0x9e ./Drivers/STM32F4xx_HAL_Driver/Src/stm32f4xx_hal_tim.o
                0x000000000800259c                HAL_TIM_PWM_Init
 .text.HAL_TIM_PWM_MspInit
                0x000000000800263a       0x14 ./Drivers/STM32F4xx_HAL_Driver/Src/stm32f4xx_hal_tim.o
                0x000000000800263a                HAL_TIM_PWM_MspInit
 *fill*         0x000000000800264e        0x2 
 .text.HAL_TIM_PWM_Start
                0x0000000008002650      0x190 ./Drivers/STM32F4xx_HAL_Driver/Src/stm32f4xx_hal_tim.o
                0x0000000008002650                HAL_TIM_PWM_Start
 .text.HAL_TIM_IRQHandler
                0x00000000080027e0      0x210 ./Drivers/STM32F4xx_HAL_Driver/Src/stm32f4xx_hal_tim.o
                0x00000000080027e0                HAL_TIM_IRQHandler
 .text.HAL_TIM_PWM_ConfigChannel
                0x00000000080029f0      0x184 ./Drivers/STM32F4xx_HAL_Driver/Src/stm32f4xx_hal_tim.o
                0x00000000080029f0                HAL_TIM_PWM_ConfigChannel
 .text.HAL_TIM_ConfigClockSource
                0x0000000008002b74      0x18e ./Drivers/STM32F4xx_HAL_Driver/Src/stm32f4xx_hal_tim.o
                0x0000000008002b74                HAL_TIM_ConfigClockSource
 .text.HAL_TIM_OC_DelayElapsedCallback
                0x0000000008002d02       0x14 ./Drivers/STM32F4xx_HAL_Driver/Src/stm32f4xx_hal_tim.o
                0x0000000008002d02                HAL_TIM_OC_DelayElapsedCallback
 .text.HAL_TIM_IC_CaptureCallback
                0x0000000008002d16       0x14 ./Drivers/STM32F4xx_HAL_Driver/Src/stm32f4xx_hal_tim.o
                0x0000000008002d16                HAL_TIM_IC_CaptureCallback
 .text.HAL_TIM_PWM_PulseFinishedCallback
                0x0000000008002d2a       0x14 ./Drivers/STM32F4xx_HAL_Driver/Src/stm32f4xx_hal_tim.o
                0x0000000008002d2a                HAL_TIM_PWM_PulseFinishedCallback
 .text.HAL_TIM_TriggerCallback
                0x0000000008002d3e       0x14 ./Drivers/STM32F4xx_HAL_Driver/Src/stm32f4xx_hal_tim.o
                0x0000000008002d3e                HAL_TIM_TriggerCallback
 *fill*         0x0000000008002d52        0x2 
 .text.TIM_Base_SetConfig
                0x0000000008002d54      0x140 ./Drivers/STM32F4xx_HAL_Driver/Src/stm32f4xx_hal_tim.o
                0x0000000008002d54                TIM_Base_SetConfig
 .text.TIM_OC1_SetConfig
                0x0000000008002e94       0xe0 ./Drivers/STM32F4xx_HAL_Driver/Src/stm32f4xx_hal_tim.o
 .text.TIM_OC2_SetConfig
                0x0000000008002f74       0xec ./Drivers/STM32F4xx_HAL_Driver/Src/stm32f4xx_hal_tim.o
                0x0000000008002f74                TIM_OC2_SetConfig
 .text.TIM_OC3_SetConfig
                0x0000000008003060       0xe8 ./Drivers/STM32F4xx_HAL_Driver/Src/stm32f4xx_hal_tim.o
 .text.TIM_OC4_SetConfig
                0x0000000008003148       0xac ./Drivers/STM32F4xx_HAL_Driver/Src/stm32f4xx_hal_tim.o
 .text.TIM_TI1_ConfigInputStage
                0x00000000080031f4       0x5e ./Drivers/STM32F4xx_HAL_Driver/Src/stm32f4xx_hal_tim.o
 .text.TIM_TI2_ConfigInputStage
                0x0000000008003252       0x60 ./Drivers/STM32F4xx_HAL_Driver/Src/stm32f4xx_hal_tim.o
 .text.TIM_ITRx_SetConfig
                0x00000000080032b2       0x36 ./Drivers/STM32F4xx_HAL_Driver/Src/stm32f4xx_hal_tim.o
 .text.TIM_ETR_SetConfig
                0x00000000080032e8       0x40 ./Drivers/STM32F4xx_HAL_Driver/Src/stm32f4xx_hal_tim.o
                0x00000000080032e8                TIM_ETR_SetConfig
 .text.TIM_CCxChannelCmd
                0x0000000008003328       0x4a ./Drivers/STM32F4xx_HAL_Driver/Src/stm32f4xx_hal_tim.o
                0x0000000008003328                TIM_CCxChannelCmd
 *fill*         0x0000000008003372        0x2 
 .text.HAL_TIMEx_MasterConfigSynchronization
                0x0000000008003374       0xf8 ./Drivers/STM32F4xx_HAL_Driver/Src/stm32f4xx_hal_tim_ex.o
                0x0000000008003374                HAL_TIMEx_MasterConfigSynchronization
 .text.HAL_TIMEx_ConfigBreakDeadTime
                0x000000000800346c       0xa4 ./Drivers/STM32F4xx_HAL_Driver/Src/stm32f4xx_hal_tim_ex.o
                0x000000000800346c                HAL_TIMEx_ConfigBreakDeadTime
 .text.HAL_TIMEx_CommutCallback
                0x0000000008003510       0x14 ./Drivers/STM32F4xx_HAL_Driver/Src/stm32f4xx_hal_tim_ex.o
                0x0000000008003510                HAL_TIMEx_CommutCallback
 .text.HAL_TIMEx_BreakCallback
                0x0000000008003524       0x14 ./Drivers/STM32F4xx_HAL_Driver/Src/stm32f4xx_hal_tim_ex.o
                0x0000000008003524                HAL_TIMEx_BreakCallback
 .text.HAL_UART_Init
                0x0000000008003538       0x9a ./Drivers/STM32F4xx_HAL_Driver/Src/stm32f4xx_hal_uart.o
                0x0000000008003538                HAL_UART_Init
 .text.HAL_UART_Transmit_IT
                0x00000000080035d2       0x8a ./Drivers/STM32F4xx_HAL_Driver/Src/stm32f4xx_hal_uart.o
                0x00000000080035d2                HAL_UART_Transmit_IT
 .text.HAL_UART_Receive_IT
                0x000000000800365c       0x60 ./Drivers/STM32F4xx_HAL_Driver/Src/stm32f4xx_hal_uart.o
                0x000000000800365c                HAL_UART_Receive_IT
 .text.HAL_UART_IRQHandler
                0x00000000080036bc      0x51c ./Drivers/STM32F4xx_HAL_Driver/Src/stm32f4xx_hal_uart.o
                0x00000000080036bc                HAL_UART_IRQHandler
 .text.HAL_UART_ErrorCallback
                0x0000000008003bd8       0x14 ./Drivers/STM32F4xx_HAL_Driver/Src/stm32f4xx_hal_uart.o
                0x0000000008003bd8                HAL_UART_ErrorCallback
 .text.HAL_UARTEx_RxEventCallback
                0x0000000008003bec       0x18 ./Drivers/STM32F4xx_HAL_Driver/Src/stm32f4xx_hal_uart.o
                0x0000000008003bec                HAL_UARTEx_RxEventCallback
 .text.UART_Start_Receive_IT
                0x0000000008003c04       0x7c ./Drivers/STM32F4xx_HAL_Driver/Src/stm32f4xx_hal_uart.o
                0x0000000008003c04                UART_Start_Receive_IT
 .text.UART_EndRxTransfer
                0x0000000008003c80       0xc6 ./Drivers/STM32F4xx_HAL_Driver/Src/stm32f4xx_hal_uart.o
 .text.UART_DMAAbortOnError
                0x0000000008003d46       0x28 ./Drivers/STM32F4xx_HAL_Driver/Src/stm32f4xx_hal_uart.o
 .text.UART_Transmit_IT
                0x0000000008003d6e       0xa0 ./Drivers/STM32F4xx_HAL_Driver/Src/stm32f4xx_hal_uart.o
 .text.UART_EndTransmit_IT
                0x0000000008003e0e       0x30 ./Drivers/STM32F4xx_HAL_Driver/Src/stm32f4xx_hal_uart.o
 .text.UART_Receive_IT
                0x0000000008003e3e      0x176 ./Drivers/STM32F4xx_HAL_Driver/Src/stm32f4xx_hal_uart.o
 .text.UART_SetConfig
                0x0000000008003fb4      0x4e8 ./Drivers/STM32F4xx_HAL_Driver/Src/stm32f4xx_hal_uart.o
 .text.__libc_init_array
                0x000000000800449c       0x48 /Applications/STM32CubeIDE.app/Contents/Eclipse/plugins/com.st.stm32cube.ide.mcu.externaltools.gnu-tools-for-stm32.10.3-2021.10.macos64_1.0.0.202111181127/tools/bin/../lib/gcc/arm-none-eabi/10.3.1/../../../../arm-none-eabi/lib/thumb/v7e-m+fp/hard/libc_nano.a(lib_a-init.o)
                0x000000000800449c                __libc_init_array
 .text.memcpy   0x00000000080044e4       0x1c /Applications/STM32CubeIDE.app/Contents/Eclipse/plugins/com.st.stm32cube.ide.mcu.externaltools.gnu-tools-for-stm32.10.3-2021.10.macos64_1.0.0.202111181127/tools/bin/../lib/gcc/arm-none-eabi/10.3.1/../../../../arm-none-eabi/lib/thumb/v7e-m+fp/hard/libc_nano.a(lib_a-memcpy-stub.o)
                0x00000000080044e4                memcpy
 .text.memset   0x0000000008004500       0x10 /Applications/STM32CubeIDE.app/Contents/Eclipse/plugins/com.st.stm32cube.ide.mcu.externaltools.gnu-tools-for-stm32.10.3-2021.10.macos64_1.0.0.202111181127/tools/bin/../lib/gcc/arm-none-eabi/10.3.1/../../../../arm-none-eabi/lib/thumb/v7e-m+fp/hard/libc_nano.a(lib_a-memset.o)
                0x0000000008004500                memset
 *(.glue_7)
 .glue_7        0x0000000008004510        0x0 linker stubs
 *(.glue_7t)
 .glue_7t       0x0000000008004510        0x0 linker stubs
 *(.eh_frame)
 .eh_frame      0x0000000008004510        0x0 /Applications/STM32CubeIDE.app/Contents/Eclipse/plugins/com.st.stm32cube.ide.mcu.externaltools.gnu-tools-for-stm32.10.3-2021.10.macos64_1.0.0.202111181127/tools/bin/../lib/gcc/arm-none-eabi/10.3.1/thumb/v7e-m+fp/hard/crtbegin.o
 *(.init)
 .init          0x0000000008004510        0x4 /Applications/STM32CubeIDE.app/Contents/Eclipse/plugins/com.st.stm32cube.ide.mcu.externaltools.gnu-tools-for-stm32.10.3-2021.10.macos64_1.0.0.202111181127/tools/bin/../lib/gcc/arm-none-eabi/10.3.1/thumb/v7e-m+fp/hard/crti.o
                0x0000000008004510                _init
 .init          0x0000000008004514        0x8 /Applications/STM32CubeIDE.app/Contents/Eclipse/plugins/com.st.stm32cube.ide.mcu.externaltools.gnu-tools-for-stm32.10.3-2021.10.macos64_1.0.0.202111181127/tools/bin/../lib/gcc/arm-none-eabi/10.3.1/thumb/v7e-m+fp/hard/crtn.o
 *(.fini)
 .fini          0x000000000800451c        0x4 /Applications/STM32CubeIDE.app/Contents/Eclipse/plugins/com.st.stm32cube.ide.mcu.externaltools.gnu-tools-for-stm32.10.3-2021.10.macos64_1.0.0.202111181127/tools/bin/../lib/gcc/arm-none-eabi/10.3.1/thumb/v7e-m+fp/hard/crti.o
                0x000000000800451c                _fini
 .fini          0x0000000008004520        0x8 /Applications/STM32CubeIDE.app/Contents/Eclipse/plugins/com.st.stm32cube.ide.mcu.externaltools.gnu-tools-for-stm32.10.3-2021.10.macos64_1.0.0.202111181127/tools/bin/../lib/gcc/arm-none-eabi/10.3.1/thumb/v7e-m+fp/hard/crtn.o
                0x0000000008004528                . = ALIGN (0x4)
                0x0000000008004528                _etext = .

.vfp11_veneer   0x0000000008004528        0x0
 .vfp11_veneer  0x0000000008004528        0x0 linker stubs

.v4_bx          0x0000000008004528        0x0
 .v4_bx         0x0000000008004528        0x0 linker stubs

.iplt           0x0000000008004528        0x0
 .iplt          0x0000000008004528        0x0 /Applications/STM32CubeIDE.app/Contents/Eclipse/plugins/com.st.stm32cube.ide.mcu.externaltools.gnu-tools-for-stm32.10.3-2021.10.macos64_1.0.0.202111181127/tools/bin/../lib/gcc/arm-none-eabi/10.3.1/thumb/v7e-m+fp/hard/crtbegin.o

.rodata         0x0000000008004528      0x28c
                0x0000000008004528                . = ALIGN (0x4)
 *(.rodata)
 .rodata        0x0000000008004528      0x16f ./Core/Src/main.o
 *(.rodata*)
 *fill*         0x0000000008004697        0x1 
 .rodata.AHBPrescTable
                0x0000000008004698       0x10 ./Core/Src/system_stm32f4xx.o
                0x0000000008004698                AHBPrescTable
 .rodata.APBPrescTable
                0x00000000080046a8        0x8 ./Core/Src/system_stm32f4xx.o
                0x00000000080046a8                APBPrescTable
 .rodata._ctype_
                0x00000000080046b0      0x101 /Applications/STM32CubeIDE.app/Contents/Eclipse/plugins/com.st.stm32cube.ide.mcu.externaltools.gnu-tools-for-stm32.10.3-2021.10.macos64_1.0.0.202111181127/tools/bin/../lib/gcc/arm-none-eabi/10.3.1/../../../../arm-none-eabi/lib/thumb/v7e-m+fp/hard/libc_nano.a(lib_a-ctype_.o)
                0x00000000080046b0                _ctype_
                0x00000000080047b4                . = ALIGN (0x4)
 *fill*         0x00000000080047b1        0x3 

.ARM.extab      0x00000000080047b4        0x0
                0x00000000080047b4                . = ALIGN (0x4)
 *(.ARM.extab* .gnu.linkonce.armextab.*)
                0x00000000080047b4                . = ALIGN (0x4)

.ARM            0x00000000080047b4        0x8
                0x00000000080047b4                . = ALIGN (0x4)
                0x00000000080047b4                __exidx_start = .
 *(.ARM.exidx*)
 .ARM.exidx     0x00000000080047b4        0x8 /Applications/STM32CubeIDE.app/Contents/Eclipse/plugins/com.st.stm32cube.ide.mcu.externaltools.gnu-tools-for-stm32.10.3-2021.10.macos64_1.0.0.202111181127/tools/bin/../lib/gcc/arm-none-eabi/10.3.1/thumb/v7e-m+fp/hard/libgcc.a(_udivmoddi4.o)
                0x00000000080047bc                __exidx_end = .
                0x00000000080047bc                . = ALIGN (0x4)

.rel.dyn        0x00000000080047bc        0x0
 .rel.iplt      0x00000000080047bc        0x0 /Applications/STM32CubeIDE.app/Contents/Eclipse/plugins/com.st.stm32cube.ide.mcu.externaltools.gnu-tools-for-stm32.10.3-2021.10.macos64_1.0.0.202111181127/tools/bin/../lib/gcc/arm-none-eabi/10.3.1/thumb/v7e-m+fp/hard/crtbegin.o

.preinit_array  0x00000000080047bc        0x0
                0x00000000080047bc                . = ALIGN (0x4)
                0x00000000080047bc                PROVIDE (__preinit_array_start = .)
 *(.preinit_array*)
                0x00000000080047bc                PROVIDE (__preinit_array_end = .)
                0x00000000080047bc                . = ALIGN (0x4)

.init_array     0x00000000080047bc        0x4
                0x00000000080047bc                . = ALIGN (0x4)
                0x00000000080047bc                PROVIDE (__init_array_start = .)
 *(SORT_BY_NAME(.init_array.*))
 *(.init_array*)
 .init_array    0x00000000080047bc        0x4 /Applications/STM32CubeIDE.app/Contents/Eclipse/plugins/com.st.stm32cube.ide.mcu.externaltools.gnu-tools-for-stm32.10.3-2021.10.macos64_1.0.0.202111181127/tools/bin/../lib/gcc/arm-none-eabi/10.3.1/thumb/v7e-m+fp/hard/crtbegin.o
                0x00000000080047c0                PROVIDE (__init_array_end = .)
                0x00000000080047c0                . = ALIGN (0x4)

.fini_array     0x00000000080047c0        0x4
                0x00000000080047c0                . = ALIGN (0x4)
                [!provide]                        PROVIDE (__fini_array_start = .)
 *(SORT_BY_NAME(.fini_array.*))
 *(.fini_array*)
 .fini_array    0x00000000080047c0        0x4 /Applications/STM32CubeIDE.app/Contents/Eclipse/plugins/com.st.stm32cube.ide.mcu.externaltools.gnu-tools-for-stm32.10.3-2021.10.macos64_1.0.0.202111181127/tools/bin/../lib/gcc/arm-none-eabi/10.3.1/thumb/v7e-m+fp/hard/crtbegin.o
                [!provide]                        PROVIDE (__fini_array_end = .)
                0x00000000080047c4                . = ALIGN (0x4)
                0x00000000080047c4                _sidata = LOADADDR (.data)

.data           0x0000000020000000      0xb8c load address 0x00000000080047c4
                0x0000000020000000                . = ALIGN (0x4)
                0x0000000020000000                _sdata = .
 *(.data)
 *(.data*)
 .data.elochka_notes
                0x0000000020000000       0x70 ./Core/Src/main.o
                0x0000000020000000                elochka_notes
 .data.elochka_durations
                0x0000000020000070       0x70 ./Core/Src/main.o
                0x0000000020000070                elochka_durations
 .data.pirates_notes
                0x00000000200000e0      0x164 ./Core/Src/main.o
                0x00000000200000e0                pirates_notes
 .data.pirates_durations
                0x0000000020000244      0x168 ./Core/Src/main.o
                0x0000000020000244                pirates_durations
 .data.doom_notes
                0x00000000200003ac      0x1e0 ./Core/Src/main.o
                0x00000000200003ac                doom_notes
 .data.doom_durations
                0x000000002000058c      0x1e0 ./Core/Src/main.o
                0x000000002000058c                doom_durations
 .data.godfather_notes
                0x000000002000076c      0x204 ./Core/Src/main.o
                0x000000002000076c                godfather_notes
 .data.godfather_durations
                0x0000000020000970      0x204 ./Core/Src/main.o
                0x0000000020000970                godfather_durations
 .data.UART6_TX_IsReady
                0x0000000020000b74        0x1 ./Core/Src/main.o
                0x0000000020000b74                UART6_TX_IsReady
 *fill*         0x0000000020000b75        0x3 
 .data.user_song_size
                0x0000000020000b78        0x4 ./Core/Src/main.o
                0x0000000020000b78                user_song_size
 .data.song_size
                0x0000000020000b7c        0x4 ./Core/Src/main.o
                0x0000000020000b7c                song_size
 .data.SystemCoreClock
                0x0000000020000b80        0x4 ./Core/Src/system_stm32f4xx.o
                0x0000000020000b80                SystemCoreClock
 .data.uwTickPrio
                0x0000000020000b84        0x4 ./Drivers/STM32F4xx_HAL_Driver/Src/stm32f4xx_hal.o
                0x0000000020000b84                uwTickPrio
 .data.uwTickFreq
                0x0000000020000b88        0x1 ./Drivers/STM32F4xx_HAL_Driver/Src/stm32f4xx_hal.o
                0x0000000020000b88                uwTickFreq
 *(.RamFunc)
 *(.RamFunc*)
                0x0000000020000b8c                . = ALIGN (0x4)
 *fill*         0x0000000020000b89        0x3 
                0x0000000020000b8c                _edata = .
                0x0000000008005350                _siccmram = LOADADDR (.ccmram)

.igot.plt       0x0000000020000b8c        0x0 load address 0x0000000008005350
 .igot.plt      0x0000000020000b8c        0x0 /Applications/STM32CubeIDE.app/Contents/Eclipse/plugins/com.st.stm32cube.ide.mcu.externaltools.gnu-tools-for-stm32.10.3-2021.10.macos64_1.0.0.202111181127/tools/bin/../lib/gcc/arm-none-eabi/10.3.1/thumb/v7e-m+fp/hard/crtbegin.o

.ccmram         0x0000000010000000        0x0 load address 0x0000000008005350
                0x0000000010000000                . = ALIGN (0x4)
                0x0000000010000000                _sccmram = .
 *(.ccmram)
 *(.ccmram*)
                0x0000000010000000                . = ALIGN (0x4)
                0x0000000010000000                _eccmram = .
                0x0000000010000000                . = ALIGN (0x4)

.bss            0x0000000020000b8c      0x984
                0x0000000020000b8c                _sbss = .
                0x0000000020000b8c                __bss_start__ = _sbss
 *(.bss)
 .bss           0x0000000020000b8c       0x1c /Applications/STM32CubeIDE.app/Contents/Eclipse/plugins/com.st.stm32cube.ide.mcu.externaltools.gnu-tools-for-stm32.10.3-2021.10.macos64_1.0.0.202111181127/tools/bin/../lib/gcc/arm-none-eabi/10.3.1/thumb/v7e-m+fp/hard/crtbegin.o
 *(.bss*)
 .bss.__uart6_tx_buff
                0x0000000020000ba8       0x64 ./Core/Src/main.o
                0x0000000020000ba8                __uart6_tx_buff
 .bss.uart6_tx_buff
                0x0000000020000c0c       0x14 ./Core/Src/main.o
                0x0000000020000c0c                uart6_tx_buff
 .bss.uart6_tx_byte_buff
                0x0000000020000c20        0x1 ./Core/Src/main.o
                0x0000000020000c20                uart6_tx_byte_buff
 .bss.UART6_RX_IsReady
                0x0000000020000c21        0x1 ./Core/Src/main.o
                0x0000000020000c21                UART6_RX_IsReady
 *fill*         0x0000000020000c22        0x2 
 .bss.uart6_rx_byte_buff
                0x0000000020000c24        0x1 ./Core/Src/main.o
                0x0000000020000c24                uart6_rx_byte_buff
 .bss.is_playing
                0x0000000020000c25        0x1 ./Core/Src/main.o
                0x0000000020000c25                is_playing
 *fill*         0x0000000020000c26        0x2 
 .bss.i         0x0000000020000c28        0x4 ./Core/Src/main.o
                0x0000000020000c28                i
 .bss.note_duration
                0x0000000020000c2c        0x4 ./Core/Src/main.o
                0x0000000020000c2c                note_duration
 .bss.user_notes
                0x0000000020000c30      0x400 ./Core/Src/main.o
                0x0000000020000c30                user_notes
 .bss.user_durations
                0x0000000020001030      0x400 ./Core/Src/main.o
                0x0000000020001030                user_durations
 .bss.song      0x0000000020001430        0x4 ./Core/Src/main.o
                0x0000000020001430                song
 .bss.song_durations
                0x0000000020001434        0x4 ./Core/Src/main.o
                0x0000000020001434                song_durations
 .bss.htim1     0x0000000020001438       0x48 ./Core/Src/tim.o
                0x0000000020001438                htim1
 .bss.htim6     0x0000000020001480       0x48 ./Core/Src/tim.o
                0x0000000020001480                htim6
 .bss.huart6    0x00000000200014c8       0x44 ./Core/Src/usart.o
                0x00000000200014c8                huart6
 .bss.uwTick    0x000000002000150c        0x4 ./Drivers/STM32F4xx_HAL_Driver/Src/stm32f4xx_hal.o
                0x000000002000150c                uwTick
 *(COMMON)
                0x0000000020001510                . = ALIGN (0x4)
                0x0000000020001510                _ebss = .
                0x0000000020001510                __bss_end__ = _ebss

._user_heap_stack
                0x0000000020001510      0x600
                0x0000000020001510                . = ALIGN (0x8)
                [!provide]                        PROVIDE (end = .)
                0x0000000020001510                PROVIDE (_end = .)
                0x0000000020001710                . = (. + _Min_Heap_Size)
 *fill*         0x0000000020001510      0x200 
                0x0000000020001b10                . = (. + _Min_Stack_Size)
 *fill*         0x0000000020001710      0x400 
                0x0000000020001b10                . = ALIGN (0x8)

/DISCARD/
 libc.a(*)
 libm.a(*)
 libgcc.a(*)

.ARM.attributes
                0x0000000000000000       0x30
 *(.ARM.attributes)
 .ARM.attributes
                0x0000000000000000       0x1e /Applications/STM32CubeIDE.app/Contents/Eclipse/plugins/com.st.stm32cube.ide.mcu.externaltools.gnu-tools-for-stm32.10.3-2021.10.macos64_1.0.0.202111181127/tools/bin/../lib/gcc/arm-none-eabi/10.3.1/thumb/v7e-m+fp/hard/crti.o
 .ARM.attributes
                0x000000000000001e       0x34 /Applications/STM32CubeIDE.app/Contents/Eclipse/plugins/com.st.stm32cube.ide.mcu.externaltools.gnu-tools-for-stm32.10.3-2021.10.macos64_1.0.0.202111181127/tools/bin/../lib/gcc/arm-none-eabi/10.3.1/thumb/v7e-m+fp/hard/crtbegin.o
 .ARM.attributes
                0x0000000000000052       0x34 ./Core/Src/gpio.o
 .ARM.attributes
                0x0000000000000086       0x34 ./Core/Src/main.o
 .ARM.attributes
                0x00000000000000ba       0x34 ./Core/Src/ring_buffer.o
 .ARM.attributes
                0x00000000000000ee       0x34 ./Core/Src/stm32f4xx_hal_msp.o
 .ARM.attributes
                0x0000000000000122       0x34 ./Core/Src/stm32f4xx_it.o
 .ARM.attributes
                0x0000000000000156       0x34 ./Core/Src/system_stm32f4xx.o
 .ARM.attributes
                0x000000000000018a       0x34 ./Core/Src/tim.o
 .ARM.attributes
                0x00000000000001be       0x34 ./Core/Src/usart.o
 .ARM.attributes
                0x00000000000001f2       0x21 ./Core/Startup/startup_stm32f427vitx.o
 .ARM.attributes
                0x0000000000000213       0x34 ./Drivers/STM32F4xx_HAL_Driver/Src/stm32f4xx_hal.o
 .ARM.attributes
                0x0000000000000247       0x34 ./Drivers/STM32F4xx_HAL_Driver/Src/stm32f4xx_hal_cortex.o
 .ARM.attributes
                0x000000000000027b       0x34 ./Drivers/STM32F4xx_HAL_Driver/Src/stm32f4xx_hal_dma.o
 .ARM.attributes
                0x00000000000002af       0x34 ./Drivers/STM32F4xx_HAL_Driver/Src/stm32f4xx_hal_gpio.o
 .ARM.attributes
                0x00000000000002e3       0x34 ./Drivers/STM32F4xx_HAL_Driver/Src/stm32f4xx_hal_pwr_ex.o
 .ARM.attributes
                0x0000000000000317       0x34 ./Drivers/STM32F4xx_HAL_Driver/Src/stm32f4xx_hal_rcc.o
 .ARM.attributes
                0x000000000000034b       0x34 ./Drivers/STM32F4xx_HAL_Driver/Src/stm32f4xx_hal_tim.o
 .ARM.attributes
                0x000000000000037f       0x34 ./Drivers/STM32F4xx_HAL_Driver/Src/stm32f4xx_hal_tim_ex.o
 .ARM.attributes
                0x00000000000003b3       0x34 ./Drivers/STM32F4xx_HAL_Driver/Src/stm32f4xx_hal_uart.o
 .ARM.attributes
                0x00000000000003e7       0x34 /Applications/STM32CubeIDE.app/Contents/Eclipse/plugins/com.st.stm32cube.ide.mcu.externaltools.gnu-tools-for-stm32.10.3-2021.10.macos64_1.0.0.202111181127/tools/bin/../lib/gcc/arm-none-eabi/10.3.1/../../../../arm-none-eabi/lib/thumb/v7e-m+fp/hard/libc_nano.a(lib_a-ctype_.o)
 .ARM.attributes
                0x000000000000041b       0x34 /Applications/STM32CubeIDE.app/Contents/Eclipse/plugins/com.st.stm32cube.ide.mcu.externaltools.gnu-tools-for-stm32.10.3-2021.10.macos64_1.0.0.202111181127/tools/bin/../lib/gcc/arm-none-eabi/10.3.1/../../../../arm-none-eabi/lib/thumb/v7e-m+fp/hard/libc_nano.a(lib_a-init.o)
 .ARM.attributes
                0x000000000000044f       0x34 /Applications/STM32CubeIDE.app/Contents/Eclipse/plugins/com.st.stm32cube.ide.mcu.externaltools.gnu-tools-for-stm32.10.3-2021.10.macos64_1.0.0.202111181127/tools/bin/../lib/gcc/arm-none-eabi/10.3.1/../../../../arm-none-eabi/lib/thumb/v7e-m+fp/hard/libc_nano.a(lib_a-memcpy-stub.o)
 .ARM.attributes
                0x0000000000000483       0x34 /Applications/STM32CubeIDE.app/Contents/Eclipse/plugins/com.st.stm32cube.ide.mcu.externaltools.gnu-tools-for-stm32.10.3-2021.10.macos64_1.0.0.202111181127/tools/bin/../lib/gcc/arm-none-eabi/10.3.1/../../../../arm-none-eabi/lib/thumb/v7e-m+fp/hard/libc_nano.a(lib_a-memset.o)
 .ARM.attributes
                0x00000000000004b7       0x17 /Applications/STM32CubeIDE.app/Contents/Eclipse/plugins/com.st.stm32cube.ide.mcu.externaltools.gnu-tools-for-stm32.10.3-2021.10.macos64_1.0.0.202111181127/tools/bin/../lib/gcc/arm-none-eabi/10.3.1/../../../../arm-none-eabi/lib/thumb/v7e-m+fp/hard/libc_nano.a(lib_a-strlen.o)
 .ARM.attributes
                0x00000000000004ce       0x1e /Applications/STM32CubeIDE.app/Contents/Eclipse/plugins/com.st.stm32cube.ide.mcu.externaltools.gnu-tools-for-stm32.10.3-2021.10.macos64_1.0.0.202111181127/tools/bin/../lib/gcc/arm-none-eabi/10.3.1/thumb/v7e-m+fp/hard/libgcc.a(_aeabi_uldivmod.o)
 .ARM.attributes
                0x00000000000004ec       0x34 /Applications/STM32CubeIDE.app/Contents/Eclipse/plugins/com.st.stm32cube.ide.mcu.externaltools.gnu-tools-for-stm32.10.3-2021.10.macos64_1.0.0.202111181127/tools/bin/../lib/gcc/arm-none-eabi/10.3.1/thumb/v7e-m+fp/hard/libgcc.a(_udivmoddi4.o)
 .ARM.attributes
                0x0000000000000520       0x1e /Applications/STM32CubeIDE.app/Contents/Eclipse/plugins/com.st.stm32cube.ide.mcu.externaltools.gnu-tools-for-stm32.10.3-2021.10.macos64_1.0.0.202111181127/tools/bin/../lib/gcc/arm-none-eabi/10.3.1/thumb/v7e-m+fp/hard/libgcc.a(_dvmd_tls.o)
 .ARM.attributes
                0x000000000000053e       0x1e /Applications/STM32CubeIDE.app/Contents/Eclipse/plugins/com.st.stm32cube.ide.mcu.externaltools.gnu-tools-for-stm32.10.3-2021.10.macos64_1.0.0.202111181127/tools/bin/../lib/gcc/arm-none-eabi/10.3.1/thumb/v7e-m+fp/hard/crtn.o
OUTPUT(lab3.elf elf32-littlearm)
LOAD linker stubs
LOAD /Applications/STM32CubeIDE.app/Contents/Eclipse/plugins/com.st.stm32cube.ide.mcu.externaltools.gnu-tools-for-stm32.10.3-2021.10.macos64_1.0.0.202111181127/tools/bin/../lib/gcc/arm-none-eabi/10.3.1/../../../../arm-none-eabi/lib/thumb/v7e-m+fp/hard/libc.a
LOAD /Applications/STM32CubeIDE.app/Contents/Eclipse/plugins/com.st.stm32cube.ide.mcu.externaltools.gnu-tools-for-stm32.10.3-2021.10.macos64_1.0.0.202111181127/tools/bin/../lib/gcc/arm-none-eabi/10.3.1/../../../../arm-none-eabi/lib/thumb/v7e-m+fp/hard/libm.a
LOAD /Applications/STM32CubeIDE.app/Contents/Eclipse/plugins/com.st.stm32cube.ide.mcu.externaltools.gnu-tools-for-stm32.10.3-2021.10.macos64_1.0.0.202111181127/tools/bin/../lib/gcc/arm-none-eabi/10.3.1/thumb/v7e-m+fp/hard/libgcc.a

.debug_info     0x0000000000000000     0xf527
 .debug_info    0x0000000000000000      0x2e8 ./Core/Src/gpio.o
 .debug_info    0x00000000000002e8     0x1465 ./Core/Src/main.o
 .debug_info    0x000000000000174d      0x211 ./Core/Src/ring_buffer.o
 .debug_info    0x000000000000195e      0x2cb ./Core/Src/stm32f4xx_hal_msp.o
 .debug_info    0x0000000000001c29      0x9e7 ./Core/Src/stm32f4xx_it.o
 .debug_info    0x0000000000002610      0x53f ./Core/Src/system_stm32f4xx.o
 .debug_info    0x0000000000002b4f     0x1091 ./Core/Src/tim.o
 .debug_info    0x0000000000003be0      0xc61 ./Core/Src/usart.o
 .debug_info    0x0000000000004841       0x22 ./Core/Startup/startup_stm32f427vitx.o
 .debug_info    0x0000000000004863      0x9e8 ./Drivers/STM32F4xx_HAL_Driver/Src/stm32f4xx_hal.o
 .debug_info    0x000000000000524b      0xe45 ./Drivers/STM32F4xx_HAL_Driver/Src/stm32f4xx_hal_cortex.o
 .debug_info    0x0000000000006090      0x94f ./Drivers/STM32F4xx_HAL_Driver/Src/stm32f4xx_hal_dma.o
 .debug_info    0x00000000000069df      0x786 ./Drivers/STM32F4xx_HAL_Driver/Src/stm32f4xx_hal_gpio.o
 .debug_info    0x0000000000007165      0x6e6 ./Drivers/STM32F4xx_HAL_Driver/Src/stm32f4xx_hal_pwr_ex.o
 .debug_info    0x000000000000784b      0x982 ./Drivers/STM32F4xx_HAL_Driver/Src/stm32f4xx_hal_rcc.o
 .debug_info    0x00000000000081cd     0x2bbe ./Drivers/STM32F4xx_HAL_Driver/Src/stm32f4xx_hal_tim.o
 .debug_info    0x000000000000ad8b     0x15e0 ./Drivers/STM32F4xx_HAL_Driver/Src/stm32f4xx_hal_tim_ex.o
 .debug_info    0x000000000000c36b     0x31bc ./Drivers/STM32F4xx_HAL_Driver/Src/stm32f4xx_hal_uart.o

.debug_abbrev   0x0000000000000000     0x226b
 .debug_abbrev  0x0000000000000000       0xd4 ./Core/Src/gpio.o
 .debug_abbrev  0x00000000000000d4      0x37c ./Core/Src/main.o
 .debug_abbrev  0x0000000000000450       0xe4 ./Core/Src/ring_buffer.o
 .debug_abbrev  0x0000000000000534       0xd4 ./Core/Src/stm32f4xx_hal_msp.o
 .debug_abbrev  0x0000000000000608      0x18b ./Core/Src/stm32f4xx_it.o
 .debug_abbrev  0x0000000000000793      0x116 ./Core/Src/system_stm32f4xx.o
 .debug_abbrev  0x00000000000008a9      0x240 ./Core/Src/tim.o
 .debug_abbrev  0x0000000000000ae9      0x205 ./Core/Src/usart.o
 .debug_abbrev  0x0000000000000cee       0x12 ./Core/Startup/startup_stm32f427vitx.o
 .debug_abbrev  0x0000000000000d00      0x20d ./Drivers/STM32F4xx_HAL_Driver/Src/stm32f4xx_hal.o
 .debug_abbrev  0x0000000000000f0d      0x316 ./Drivers/STM32F4xx_HAL_Driver/Src/stm32f4xx_hal_cortex.o
 .debug_abbrev  0x0000000000001223      0x25b ./Drivers/STM32F4xx_HAL_Driver/Src/stm32f4xx_hal_dma.o
 .debug_abbrev  0x000000000000147e      0x1c4 ./Drivers/STM32F4xx_HAL_Driver/Src/stm32f4xx_hal_gpio.o
 .debug_abbrev  0x0000000000001642      0x1c9 ./Drivers/STM32F4xx_HAL_Driver/Src/stm32f4xx_hal_pwr_ex.o
 .debug_abbrev  0x000000000000180b      0x2aa ./Drivers/STM32F4xx_HAL_Driver/Src/stm32f4xx_hal_rcc.o
 .debug_abbrev  0x0000000000001ab5      0x25d ./Drivers/STM32F4xx_HAL_Driver/Src/stm32f4xx_hal_tim.o
 .debug_abbrev  0x0000000000001d12      0x265 ./Drivers/STM32F4xx_HAL_Driver/Src/stm32f4xx_hal_tim_ex.o
 .debug_abbrev  0x0000000000001f77      0x2f4 ./Drivers/STM32F4xx_HAL_Driver/Src/stm32f4xx_hal_uart.o

.debug_aranges  0x0000000000000000      0xd50
 .debug_aranges
                0x0000000000000000       0x20 ./Core/Src/gpio.o
 .debug_aranges
                0x0000000000000020       0x78 ./Core/Src/main.o
 .debug_aranges
                0x0000000000000098       0x40 ./Core/Src/ring_buffer.o
 .debug_aranges
                0x00000000000000d8       0x20 ./Core/Src/stm32f4xx_hal_msp.o
 .debug_aranges
                0x00000000000000f8       0x70 ./Core/Src/stm32f4xx_it.o
 .debug_aranges
                0x0000000000000168       0x28 ./Core/Src/system_stm32f4xx.o
 .debug_aranges
                0x0000000000000190       0x48 ./Core/Src/tim.o
 .debug_aranges
                0x00000000000001d8       0x30 ./Core/Src/usart.o
 .debug_aranges
                0x0000000000000208       0x28 ./Core/Startup/startup_stm32f427vitx.o
 .debug_aranges
                0x0000000000000230      0x100 ./Drivers/STM32F4xx_HAL_Driver/Src/stm32f4xx_hal.o
 .debug_aranges
                0x0000000000000330      0x118 ./Drivers/STM32F4xx_HAL_Driver/Src/stm32f4xx_hal_cortex.o
 .debug_aranges
                0x0000000000000448       0x90 ./Drivers/STM32F4xx_HAL_Driver/Src/stm32f4xx_hal_dma.o
 .debug_aranges
                0x00000000000004d8       0x58 ./Drivers/STM32F4xx_HAL_Driver/Src/stm32f4xx_hal_gpio.o
 .debug_aranges
                0x0000000000000530       0x60 ./Drivers/STM32F4xx_HAL_Driver/Src/stm32f4xx_hal_pwr_ex.o
 .debug_aranges
                0x0000000000000590       0x88 ./Drivers/STM32F4xx_HAL_Driver/Src/stm32f4xx_hal_rcc.o
 .debug_aranges
                0x0000000000000618      0x3d0 ./Drivers/STM32F4xx_HAL_Driver/Src/stm32f4xx_hal_tim.o
 .debug_aranges
                0x00000000000009e8      0x168 ./Drivers/STM32F4xx_HAL_Driver/Src/stm32f4xx_hal_tim_ex.o
 .debug_aranges
                0x0000000000000b50      0x200 ./Drivers/STM32F4xx_HAL_Driver/Src/stm32f4xx_hal_uart.o

.debug_ranges   0x0000000000000000      0xc68
 .debug_ranges  0x0000000000000000       0x10 ./Core/Src/gpio.o
 .debug_ranges  0x0000000000000010       0x68 ./Core/Src/main.o
 .debug_ranges  0x0000000000000078       0x30 ./Core/Src/ring_buffer.o
 .debug_ranges  0x00000000000000a8       0x10 ./Core/Src/stm32f4xx_hal_msp.o
 .debug_ranges  0x00000000000000b8       0x60 ./Core/Src/stm32f4xx_it.o
 .debug_ranges  0x0000000000000118       0x18 ./Core/Src/system_stm32f4xx.o
 .debug_ranges  0x0000000000000130       0x38 ./Core/Src/tim.o
 .debug_ranges  0x0000000000000168       0x20 ./Core/Src/usart.o
 .debug_ranges  0x0000000000000188       0x20 ./Core/Startup/startup_stm32f427vitx.o
 .debug_ranges  0x00000000000001a8       0xf0 ./Drivers/STM32F4xx_HAL_Driver/Src/stm32f4xx_hal.o
 .debug_ranges  0x0000000000000298      0x108 ./Drivers/STM32F4xx_HAL_Driver/Src/stm32f4xx_hal_cortex.o
 .debug_ranges  0x00000000000003a0       0x80 ./Drivers/STM32F4xx_HAL_Driver/Src/stm32f4xx_hal_dma.o
 .debug_ranges  0x0000000000000420       0x48 ./Drivers/STM32F4xx_HAL_Driver/Src/stm32f4xx_hal_gpio.o
 .debug_ranges  0x0000000000000468       0x50 ./Drivers/STM32F4xx_HAL_Driver/Src/stm32f4xx_hal_pwr_ex.o
 .debug_ranges  0x00000000000004b8       0x78 ./Drivers/STM32F4xx_HAL_Driver/Src/stm32f4xx_hal_rcc.o
 .debug_ranges  0x0000000000000530      0x3c0 ./Drivers/STM32F4xx_HAL_Driver/Src/stm32f4xx_hal_tim.o
 .debug_ranges  0x00000000000008f0      0x158 ./Drivers/STM32F4xx_HAL_Driver/Src/stm32f4xx_hal_tim_ex.o
 .debug_ranges  0x0000000000000a48      0x220 ./Drivers/STM32F4xx_HAL_Driver/Src/stm32f4xx_hal_uart.o

.debug_macro    0x0000000000000000    0x2351f
 .debug_macro   0x0000000000000000      0x1eb ./Core/Src/gpio.o
 .debug_macro   0x00000000000001eb      0xa78 ./Core/Src/gpio.o
 .debug_macro   0x0000000000000c63      0x29b ./Core/Src/gpio.o
 .debug_macro   0x0000000000000efe       0x2e ./Core/Src/gpio.o
 .debug_macro   0x0000000000000f2c       0x28 ./Core/Src/gpio.o
 .debug_macro   0x0000000000000f54       0x22 ./Core/Src/gpio.o
 .debug_macro   0x0000000000000f76       0x8e ./Core/Src/gpio.o
 .debug_macro   0x0000000000001004       0x51 ./Core/Src/gpio.o
 .debug_macro   0x0000000000001055      0x103 ./Core/Src/gpio.o
 .debug_macro   0x0000000000001158       0x6a ./Core/Src/gpio.o
 .debug_macro   0x00000000000011c2      0x1df ./Core/Src/gpio.o
 .debug_macro   0x00000000000013a1       0x1c ./Core/Src/gpio.o
 .debug_macro   0x00000000000013bd       0x22 ./Core/Src/gpio.o
 .debug_macro   0x00000000000013df       0xd9 ./Core/Src/gpio.o
 .debug_macro   0x00000000000014b8     0x102d ./Core/Src/gpio.o
 .debug_macro   0x00000000000024e5      0x11f ./Core/Src/gpio.o
 .debug_macro   0x0000000000002604    0x178a0 ./Core/Src/gpio.o
 .debug_macro   0x0000000000019ea4       0x6d ./Core/Src/gpio.o
 .debug_macro   0x0000000000019f11     0x36f5 ./Core/Src/gpio.o
 .debug_macro   0x000000000001d606      0x174 ./Core/Src/gpio.o
 .debug_macro   0x000000000001d77a       0x5c ./Core/Src/gpio.o
 .debug_macro   0x000000000001d7d6      0xc6d ./Core/Src/gpio.o
 .debug_macro   0x000000000001e443      0x9fe ./Core/Src/gpio.o
 .debug_macro   0x000000000001ee41      0x115 ./Core/Src/gpio.o
 .debug_macro   0x000000000001ef56      0x16f ./Core/Src/gpio.o
 .debug_macro   0x000000000001f0c5       0xa5 ./Core/Src/gpio.o
 .debug_macro   0x000000000001f16a      0x182 ./Core/Src/gpio.o
 .debug_macro   0x000000000001f2ec      0x287 ./Core/Src/gpio.o
 .debug_macro   0x000000000001f573       0x5f ./Core/Src/gpio.o
 .debug_macro   0x000000000001f5d2      0x236 ./Core/Src/gpio.o
 .debug_macro   0x000000000001f808      0x132 ./Core/Src/gpio.o
 .debug_macro   0x000000000001f93a      0x41d ./Core/Src/gpio.o
 .debug_macro   0x000000000001fd57       0x2e ./Core/Src/gpio.o
 .debug_macro   0x000000000001fd85      0x11a ./Core/Src/gpio.o
 .debug_macro   0x000000000001fe9f       0xe2 ./Core/Src/gpio.o
 .debug_macro   0x000000000001ff81       0x89 ./Core/Src/gpio.o
 .debug_macro   0x000000000002000a      0x8e6 ./Core/Src/gpio.o
 .debug_macro   0x00000000000208f0       0x47 ./Core/Src/gpio.o
 .debug_macro   0x0000000000020937      0x295 ./Core/Src/gpio.o
 .debug_macro   0x0000000000020bcc      0x134 ./Core/Src/gpio.o
 .debug_macro   0x0000000000020d00       0x22 ./Core/Src/gpio.o
 .debug_macro   0x0000000000020d22      0x301 ./Core/Src/main.o
 .debug_macro   0x0000000000021023      0x226 ./Core/Src/main.o
 .debug_macro   0x0000000000021249       0x52 ./Core/Src/main.o
 .debug_macro   0x000000000002129b       0x1e ./Core/Src/main.o
 .debug_macro   0x00000000000212b9       0x3c ./Core/Src/main.o
 .debug_macro   0x00000000000212f5       0x34 ./Core/Src/main.o
 .debug_macro   0x0000000000021329       0x16 ./Core/Src/main.o
 .debug_macro   0x000000000002133f       0x43 ./Core/Src/main.o
 .debug_macro   0x0000000000021382       0x34 ./Core/Src/main.o
 .debug_macro   0x00000000000213b6       0x10 ./Core/Src/main.o
 .debug_macro   0x00000000000213c6       0x58 ./Core/Src/main.o
 .debug_macro   0x000000000002141e       0x71 ./Core/Src/main.o
 .debug_macro   0x000000000002148f       0x1c ./Core/Src/main.o
 .debug_macro   0x00000000000214ab      0x12a ./Core/Src/main.o
 .debug_macro   0x00000000000215d5      0x341 ./Core/Src/main.o
 .debug_macro   0x0000000000021916       0x10 ./Core/Src/main.o
 .debug_macro   0x0000000000021926       0x35 ./Core/Src/main.o
 .debug_macro   0x000000000002195b       0x20 ./Core/Src/main.o
 .debug_macro   0x000000000002197b      0x11f ./Core/Src/main.o
 .debug_macro   0x0000000000021a9a       0x2d ./Core/Src/ring_buffer.o
 .debug_macro   0x0000000000021ac7      0x1e1 ./Core/Src/stm32f4xx_hal_msp.o
 .debug_macro   0x0000000000021ca8      0x1eb ./Core/Src/stm32f4xx_it.o
 .debug_macro   0x0000000000021e93      0x1ce ./Core/Src/system_stm32f4xx.o
 .debug_macro   0x0000000000022061      0x1eb ./Core/Src/tim.o
 .debug_macro   0x000000000002224c      0x1eb ./Core/Src/usart.o
 .debug_macro   0x0000000000022437      0x22e ./Drivers/STM32F4xx_HAL_Driver/Src/stm32f4xx_hal.o
 .debug_macro   0x0000000000022665      0x1ce ./Drivers/STM32F4xx_HAL_Driver/Src/stm32f4xx_hal_cortex.o
 .debug_macro   0x0000000000022833      0x1d4 ./Drivers/STM32F4xx_HAL_Driver/Src/stm32f4xx_hal_dma.o
 .debug_macro   0x0000000000022a07      0x1d4 ./Drivers/STM32F4xx_HAL_Driver/Src/stm32f4xx_hal_gpio.o
 .debug_macro   0x0000000000022bdb      0x1e6 ./Drivers/STM32F4xx_HAL_Driver/Src/stm32f4xx_hal_pwr_ex.o
 .debug_macro   0x0000000000022dc1      0x1f2 ./Drivers/STM32F4xx_HAL_Driver/Src/stm32f4xx_hal_rcc.o
 .debug_macro   0x0000000000022fb3      0x1cf ./Drivers/STM32F4xx_HAL_Driver/Src/stm32f4xx_hal_tim.o
 .debug_macro   0x0000000000023182      0x1ce ./Drivers/STM32F4xx_HAL_Driver/Src/stm32f4xx_hal_tim_ex.o
 .debug_macro   0x0000000000023350      0x1cf ./Drivers/STM32F4xx_HAL_Driver/Src/stm32f4xx_hal_uart.o

.debug_line     0x0000000000000000     0xfe54
 .debug_line    0x0000000000000000      0x6f2 ./Core/Src/gpio.o
 .debug_line    0x00000000000006f2      0xb52 ./Core/Src/main.o
 .debug_line    0x0000000000001244      0x295 ./Core/Src/ring_buffer.o
 .debug_line    0x00000000000014d9      0x6f4 ./Core/Src/stm32f4xx_hal_msp.o
 .debug_line    0x0000000000001bcd      0x7e7 ./Core/Src/stm32f4xx_it.o
 .debug_line    0x00000000000023b4      0x769 ./Core/Src/system_stm32f4xx.o
 .debug_line    0x0000000000002b1d      0x8e3 ./Core/Src/tim.o
 .debug_line    0x0000000000003400      0x761 ./Core/Src/usart.o
 .debug_line    0x0000000000003b61       0x88 ./Core/Startup/startup_stm32f427vitx.o
 .debug_line    0x0000000000003be9      0xa05 ./Drivers/STM32F4xx_HAL_Driver/Src/stm32f4xx_hal.o
 .debug_line    0x00000000000045ee      0xc7e ./Drivers/STM32F4xx_HAL_Driver/Src/stm32f4xx_hal_cortex.o
 .debug_line    0x000000000000526c      0xf33 ./Drivers/STM32F4xx_HAL_Driver/Src/stm32f4xx_hal_dma.o
 .debug_line    0x000000000000619f      0xb6b ./Drivers/STM32F4xx_HAL_Driver/Src/stm32f4xx_hal_gpio.o
 .debug_line    0x0000000000006d0a      0x8fe ./Drivers/STM32F4xx_HAL_Driver/Src/stm32f4xx_hal_pwr_ex.o
 .debug_line    0x0000000000007608      0xd49 ./Drivers/STM32F4xx_HAL_Driver/Src/stm32f4xx_hal_rcc.o
 .debug_line    0x0000000000008351     0x36c3 ./Drivers/STM32F4xx_HAL_Driver/Src/stm32f4xx_hal_tim.o
 .debug_line    0x000000000000ba14     0x19cc ./Drivers/STM32F4xx_HAL_Driver/Src/stm32f4xx_hal_tim_ex.o
 .debug_line    0x000000000000d3e0     0x2a74 ./Drivers/STM32F4xx_HAL_Driver/Src/stm32f4xx_hal_uart.o

.debug_str      0x0000000000000000    0xd78e8
 .debug_str     0x0000000000000000    0xcfef9 ./Core/Src/gpio.o
                                      0xd0175 (size before relaxing)
 .debug_str     0x00000000000cfef9     0x464e ./Core/Src/main.o
                                      0xd48f3 (size before relaxing)
 .debug_str     0x00000000000d4547       0x31 ./Core/Src/ring_buffer.o
                                       0x3107 (size before relaxing)
 .debug_str     0x00000000000d4578       0x2c ./Core/Src/stm32f4xx_hal_msp.o
                                      0xd0175 (size before relaxing)
 .debug_str     0x00000000000d45a4      0x116 ./Core/Src/stm32f4xx_it.o
                                      0xd0872 (size before relaxing)
 .debug_str     0x00000000000d46ba       0xdb ./Core/Src/system_stm32f4xx.o
                                      0xd01d9 (size before relaxing)
 .debug_str     0x00000000000d4795      0x8a3 ./Core/Src/tim.o
                                      0xd1009 (size before relaxing)
 .debug_str     0x00000000000d5038       0x61 ./Core/Src/usart.o
                                      0xd0c56 (size before relaxing)
 .debug_str     0x00000000000d5099       0x6d ./Core/Startup/startup_stm32f427vitx.o
 .debug_str     0x00000000000d5106      0x652 ./Drivers/STM32F4xx_HAL_Driver/Src/stm32f4xx_hal.o
                                      0xd0de5 (size before relaxing)
 .debug_str     0x00000000000d5758      0x32d ./Drivers/STM32F4xx_HAL_Driver/Src/stm32f4xx_hal_cortex.o
                                      0xd0aca (size before relaxing)
 .debug_str     0x00000000000d5a85      0x323 ./Drivers/STM32F4xx_HAL_Driver/Src/stm32f4xx_hal_dma.o
                                      0xd05e0 (size before relaxing)
 .debug_str     0x00000000000d5da8      0x15d ./Drivers/STM32F4xx_HAL_Driver/Src/stm32f4xx_hal_gpio.o
                                      0xd0354 (size before relaxing)
 .debug_str     0x00000000000d5f05      0x135 ./Drivers/STM32F4xx_HAL_Driver/Src/stm32f4xx_hal_pwr_ex.o
                                      0xd03b1 (size before relaxing)
 .debug_str     0x00000000000d603a      0x233 ./Drivers/STM32F4xx_HAL_Driver/Src/stm32f4xx_hal_rcc.o
                                      0xd060d (size before relaxing)
 .debug_str     0x00000000000d626d      0xd0b ./Drivers/STM32F4xx_HAL_Driver/Src/stm32f4xx_hal_tim.o
                                      0xd1540 (size before relaxing)
 .debug_str     0x00000000000d6f78      0x3e1 ./Drivers/STM32F4xx_HAL_Driver/Src/stm32f4xx_hal_tim_ex.o
                                      0xd0d5c (size before relaxing)
 .debug_str     0x00000000000d7359      0x58f ./Drivers/STM32F4xx_HAL_Driver/Src/stm32f4xx_hal_uart.o
                                      0xd0b99 (size before relaxing)

.comment        0x0000000000000000       0x50
 .comment       0x0000000000000000       0x50 ./Core/Src/gpio.o
                                         0x51 (size before relaxing)
 .comment       0x0000000000000050       0x51 ./Core/Src/main.o
 .comment       0x0000000000000050       0x51 ./Core/Src/ring_buffer.o
 .comment       0x0000000000000050       0x51 ./Core/Src/stm32f4xx_hal_msp.o
 .comment       0x0000000000000050       0x51 ./Core/Src/stm32f4xx_it.o
 .comment       0x0000000000000050       0x51 ./Core/Src/system_stm32f4xx.o
 .comment       0x0000000000000050       0x51 ./Core/Src/tim.o
 .comment       0x0000000000000050       0x51 ./Core/Src/usart.o
 .comment       0x0000000000000050       0x51 ./Drivers/STM32F4xx_HAL_Driver/Src/stm32f4xx_hal.o
 .comment       0x0000000000000050       0x51 ./Drivers/STM32F4xx_HAL_Driver/Src/stm32f4xx_hal_cortex.o
 .comment       0x0000000000000050       0x51 ./Drivers/STM32F4xx_HAL_Driver/Src/stm32f4xx_hal_dma.o
 .comment       0x0000000000000050       0x51 ./Drivers/STM32F4xx_HAL_Driver/Src/stm32f4xx_hal_gpio.o
 .comment       0x0000000000000050       0x51 ./Drivers/STM32F4xx_HAL_Driver/Src/stm32f4xx_hal_pwr_ex.o
 .comment       0x0000000000000050       0x51 ./Drivers/STM32F4xx_HAL_Driver/Src/stm32f4xx_hal_rcc.o
 .comment       0x0000000000000050       0x51 ./Drivers/STM32F4xx_HAL_Driver/Src/stm32f4xx_hal_tim.o
 .comment       0x0000000000000050       0x51 ./Drivers/STM32F4xx_HAL_Driver/Src/stm32f4xx_hal_tim_ex.o
 .comment       0x0000000000000050       0x51 ./Drivers/STM32F4xx_HAL_Driver/Src/stm32f4xx_hal_uart.o

.debug_frame    0x0000000000000000     0x3714
 .debug_frame   0x0000000000000000       0x38 ./Core/Src/gpio.o
 .debug_frame   0x0000000000000038      0x1b8 ./Core/Src/main.o
 .debug_frame   0x00000000000001f0       0xd4 ./Core/Src/ring_buffer.o
 .debug_frame   0x00000000000002c4       0x38 ./Core/Src/stm32f4xx_hal_msp.o
 .debug_frame   0x00000000000002fc      0x13c ./Core/Src/stm32f4xx_it.o
 .debug_frame   0x0000000000000438       0x58 ./Core/Src/system_stm32f4xx.o
 .debug_frame   0x0000000000000490       0xec ./Core/Src/tim.o
 .debug_frame   0x000000000000057c       0x74 ./Core/Src/usart.o
 .debug_frame   0x00000000000005f0      0x3b4 ./Drivers/STM32F4xx_HAL_Driver/Src/stm32f4xx_hal.o
 .debug_frame   0x00000000000009a4      0x498 ./Drivers/STM32F4xx_HAL_Driver/Src/stm32f4xx_hal_cortex.o
 .debug_frame   0x0000000000000e3c      0x250 ./Drivers/STM32F4xx_HAL_Driver/Src/stm32f4xx_hal_dma.o
 .debug_frame   0x000000000000108c      0x14c ./Drivers/STM32F4xx_HAL_Driver/Src/stm32f4xx_hal_gpio.o
 .debug_frame   0x00000000000011d8      0x14c ./Drivers/STM32F4xx_HAL_Driver/Src/stm32f4xx_hal_pwr_ex.o
 .debug_frame   0x0000000000001324      0x1f4 ./Drivers/STM32F4xx_HAL_Driver/Src/stm32f4xx_hal_rcc.o
 .debug_frame   0x0000000000001518     0x11c4 ./Drivers/STM32F4xx_HAL_Driver/Src/stm32f4xx_hal_tim.o
 .debug_frame   0x00000000000026dc      0x638 ./Drivers/STM32F4xx_HAL_Driver/Src/stm32f4xx_hal_tim_ex.o
 .debug_frame   0x0000000000002d14      0x92c ./Drivers/STM32F4xx_HAL_Driver/Src/stm32f4xx_hal_uart.o
 .debug_frame   0x0000000000003640       0x2c /Applications/STM32CubeIDE.app/Contents/Eclipse/plugins/com.st.stm32cube.ide.mcu.externaltools.gnu-tools-for-stm32.10.3-2021.10.macos64_1.0.0.202111181127/tools/bin/../lib/gcc/arm-none-eabi/10.3.1/../../../../arm-none-eabi/lib/thumb/v7e-m+fp/hard/libc_nano.a(lib_a-init.o)
 .debug_frame   0x000000000000366c       0x28 /Applications/STM32CubeIDE.app/Contents/Eclipse/plugins/com.st.stm32cube.ide.mcu.externaltools.gnu-tools-for-stm32.10.3-2021.10.macos64_1.0.0.202111181127/tools/bin/../lib/gcc/arm-none-eabi/10.3.1/../../../../arm-none-eabi/lib/thumb/v7e-m+fp/hard/libc_nano.a(lib_a-memcpy-stub.o)
 .debug_frame   0x0000000000003694       0x20 /Applications/STM32CubeIDE.app/Contents/Eclipse/plugins/com.st.stm32cube.ide.mcu.externaltools.gnu-tools-for-stm32.10.3-2021.10.macos64_1.0.0.202111181127/tools/bin/../lib/gcc/arm-none-eabi/10.3.1/../../../../arm-none-eabi/lib/thumb/v7e-m+fp/hard/libc_nano.a(lib_a-memset.o)
 .debug_frame   0x00000000000036b4       0x2c /Applications/STM32CubeIDE.app/Contents/Eclipse/plugins/com.st.stm32cube.ide.mcu.externaltools.gnu-tools-for-stm32.10.3-2021.10.macos64_1.0.0.202111181127/tools/bin/../lib/gcc/arm-none-eabi/10.3.1/thumb/v7e-m+fp/hard/libgcc.a(_aeabi_uldivmod.o)
 .debug_frame   0x00000000000036e0       0x34 /Applications/STM32CubeIDE.app/Contents/Eclipse/plugins/com.st.stm32cube.ide.mcu.externaltools.gnu-tools-for-stm32.10.3-2021.10.macos64_1.0.0.202111181127/tools/bin/../lib/gcc/arm-none-eabi/10.3.1/thumb/v7e-m+fp/hard/libgcc.a(_udivmoddi4.o)
