../Core/Src/main.c:49:6:UART6_TryToTransmit_IT	8	static
../Core/Src/main.c:62:6:UART6_TransmitByte	24	static
../Core/Src/main.c:76:6:UART6_ReceiveByte	24	static
../Core/Src/main.c:93:6:UART6_TransmitString	24	static
../Core/Src/main.c:101:6:HAL_UART_RxCpltCallback	16	static
../Core/Src/main.c:107:6:HAL_UART_TxCpltCallback	16	static
../Core/Src/main.c:157:6:SettingsMode	2080	static
../Core/Src/main.c:241:6:ProcessInput	16	static
../Core/Src/main.c:284:6:start_song	24	static
../Core/Src/main.c:298:5:main	16	static
../Core/Src/main.c:356:6:SystemClock_Config	88	static
../Core/Src/main.c:412:6:Error_Handler	4	static,ignoring_inline_asm
